// Jest Snapshot v1, https://goo.gl/fbAQLP

exports[`SearchHeader Component snapshots Should render simple SearchHeader component 1`] = `
.c1 {
  font-weight: 400;
}

.c2 {
  color: #767272;
  font-size: 16px;
  display: -webkit-box;
  display: -webkit-flex;
  display: -ms-flexbox;
  display: flex;
  -webkit-align-items: center;
  -webkit-box-align: center;
  -ms-flex-align: center;
  align-items: center;
  cursor: pointer;
}

.c2 .filter-icon {
  font-size: 30px;
  margin-right: 10px;
}

.c0 {
  display: -webkit-box;
  display: -webkit-flex;
  display: -ms-flexbox;
  display: flex;
  -webkit-box-pack: justify;
  -webkit-justify-content: space-between;
  -ms-flex-pack: justify;
  justify-content: space-between;
  padding: 10px 0;
  border-bottom: 1px solid #e5e5e5;
  margin-bottom: 20px;
}

<section
  className="c0"
>
  <h3
    className="c1"
  >
    About 
    131,909
     filtered results
  </h3>
  <button
    className="c2"
    type="button"
  >
    <svg
      className="filter-icon"
      fill="currentColor"
      height="1em"
      stroke="currentColor"
      strokeWidth="0"
      style={
        Object {
          "color": undefined,
        }
      }
      viewBox="0 0 16 16"
      width="1em"
      xmlns="http://www.w3.org/2000/svg"
    >
      <path
        d="M6 10.5a.5.5 0 0 1 .5-.5h3a.5.5 0 0 1 0 1h-3a.5.5 0 0 1-.5-.5zm-2-3a.5.5 0 0 1 .5-.5h7a.5.5 0 0 1 0 1h-7a.5.5 0 0 1-.5-.5zm-2-3a.5.5 0 0 1 .5-.5h11a.5.5 0 0 1 0 1h-11a.5.5 0 0 1-.5-.5z"
      />
    </svg>
    FILTER
  </button>
</section>
`;
